// Jest Snapshot v1, https://goo.gl/fbAQLP

exports[`should render ExpenseList with empty message 1`] = `
<div>
  <p>
    No expenses.
  </p>
</div>
`;

exports[`should render ExpenseList with expense items 1`] = `
<div>
  <div>
    <h1>
      Expense List
    </h1>
    <table
      width="100%"
    >
      <thead>
        <tr>
          <th
            align="left"
          >
            Description
          </th>
          <th
            align="right"
          >
            Amount
          </th>
          <th
            align="right"
          >
            Created At
          </th>
        </tr>
      </thead>
      <tbody>
        <ExpenseListItem
          amount={195}
          createdAt={0}
          description="Gum"
          id="1"
          key="1"
          note=""
        />
        <ExpenseListItem
          amount={195000}
          createdAt={-345600000}
          description="Rent"
          id="2"
          key="2"
          note=""
        />
        <ExpenseListItem
          amount={45000}
          createdAt={345600000}
          description="Credit card"
          id="3"
          key="3"
          note=""
        />
      </tbody>
    </table>
    <p
      style={
        Object {
          "display": "none",
        }
      }
    >
      3
    </p>
  </div>
</div>
`;
